Archive member included because of file (symbol)

c:/winavr-20090313/bin/../lib/gcc/avr/4.3.2/avr6\libgcc.a(_udivmodhi4.o)
                              grid_done_final.o (__udivmodhi4)
c:/winavr-20090313/bin/../lib/gcc/avr/4.3.2/avr6\libgcc.a(_exit.o)
                              c:/winavr-20090313/bin/../lib/gcc/avr/4.3.2/../../../../avr/lib/avr6/crtm2560.o (exit)
c:/winavr-20090313/bin/../lib/gcc/avr/4.3.2/avr6\libgcc.a(_clear_bss.o)
                              grid_done_final.o (__do_clear_bss)
c:/winavr-20090313/bin/../lib/gcc/avr/4.3.2/avr6\libgcc.a(_fixunssfsi.o)
                              grid_done_final.o (__fixunssfsi)
c:/winavr-20090313/bin/../lib/gcc/avr/4.3.2/avr6\libgcc.a(_addsub_sf.o)
                              c:/winavr-20090313/bin/../lib/gcc/avr/4.3.2/avr6\libgcc.a(_fixunssfsi.o) (__subsf3)
c:/winavr-20090313/bin/../lib/gcc/avr/4.3.2/avr6\libgcc.a(_mul_sf.o)
                              grid_done_final.o (__mulsf3)
c:/winavr-20090313/bin/../lib/gcc/avr/4.3.2/avr6\libgcc.a(_div_sf.o)
                              grid_done_final.o (__divsf3)
c:/winavr-20090313/bin/../lib/gcc/avr/4.3.2/avr6\libgcc.a(_gt_sf.o)
                              grid_done_final.o (__gtsf2)
c:/winavr-20090313/bin/../lib/gcc/avr/4.3.2/avr6\libgcc.a(_ge_sf.o)
                              c:/winavr-20090313/bin/../lib/gcc/avr/4.3.2/avr6\libgcc.a(_fixunssfsi.o) (__gesf2)
c:/winavr-20090313/bin/../lib/gcc/avr/4.3.2/avr6\libgcc.a(_lt_sf.o)
                              grid_done_final.o (__ltsf2)
c:/winavr-20090313/bin/../lib/gcc/avr/4.3.2/avr6\libgcc.a(_sf_to_si.o)
                              c:/winavr-20090313/bin/../lib/gcc/avr/4.3.2/avr6\libgcc.a(_fixunssfsi.o) (__fixsfsi)
c:/winavr-20090313/bin/../lib/gcc/avr/4.3.2/avr6\libgcc.a(_thenan_sf.o)
                              c:/winavr-20090313/bin/../lib/gcc/avr/4.3.2/avr6\libgcc.a(_addsub_sf.o) (__thenan_sf)
c:/winavr-20090313/bin/../lib/gcc/avr/4.3.2/avr6\libgcc.a(_usi_to_sf.o)
                              grid_done_final.o (__floatunsisf)
c:/winavr-20090313/bin/../lib/gcc/avr/4.3.2/avr6\libgcc.a(_prologue.o)
                              c:/winavr-20090313/bin/../lib/gcc/avr/4.3.2/avr6\libgcc.a(_addsub_sf.o) (__prologue_saves__)
c:/winavr-20090313/bin/../lib/gcc/avr/4.3.2/avr6\libgcc.a(_epilogue.o)
                              c:/winavr-20090313/bin/../lib/gcc/avr/4.3.2/avr6\libgcc.a(_addsub_sf.o) (__epilogue_restores__)
c:/winavr-20090313/bin/../lib/gcc/avr/4.3.2/avr6\libgcc.a(_clzsi2.o)
                              c:/winavr-20090313/bin/../lib/gcc/avr/4.3.2/avr6\libgcc.a(_usi_to_sf.o) (__clzsi2)
c:/winavr-20090313/bin/../lib/gcc/avr/4.3.2/avr6\libgcc.a(_pack_sf.o)
                              c:/winavr-20090313/bin/../lib/gcc/avr/4.3.2/avr6\libgcc.a(_addsub_sf.o) (__pack_f)
c:/winavr-20090313/bin/../lib/gcc/avr/4.3.2/avr6\libgcc.a(_unpack_sf.o)
                              c:/winavr-20090313/bin/../lib/gcc/avr/4.3.2/avr6\libgcc.a(_addsub_sf.o) (__unpack_f)
c:/winavr-20090313/bin/../lib/gcc/avr/4.3.2/avr6\libgcc.a(_fpcmp_parts_sf.o)
                              c:/winavr-20090313/bin/../lib/gcc/avr/4.3.2/avr6\libgcc.a(_gt_sf.o) (__fpcmp_parts_f)
c:/winavr-20090313/bin/../lib/gcc/avr/4.3.2/avr6\libgcc.a(_clz.o)
                              c:/winavr-20090313/bin/../lib/gcc/avr/4.3.2/avr6\libgcc.a(_clzsi2.o) (__clz_tab)

Allocating common symbols
Common symbol       size              file

Digit               0x8               grid_done_final.o
Degrees             0x2               grid_done_final.o
million             0x2               grid_done_final.o
temp                0x2               grid_done_final.o
ADC_Value           0x1               grid_done_final.o
i                   0x2               grid_done_final.o
tens                0x2               grid_done_final.o
hundred             0x2               grid_done_final.o
sensor              0x3               grid_done_final.o
unit                0x2               grid_done_final.o
thousand            0x2               grid_done_final.o

Memory Configuration

Name             Origin             Length             Attributes
text             0x00000000         0x00100000         xr
data             0x00800200         0x0000fe00         rw !x
eeprom           0x00810000         0x00010000         rw !x
fuse             0x00820000         0x00000400         rw !x
lock             0x00830000         0x00000400         rw !x
signature        0x00840000         0x00000400         rw !x
*default*        0x00000000         0xffffffff

Linker script and memory map

Address of section .data set to 0x800200
LOAD c:/winavr-20090313/bin/../lib/gcc/avr/4.3.2/../../../../avr/lib/avr6/crtm2560.o
LOAD grid_done_final.o
LOAD c:/winavr-20090313/bin/../lib/gcc/avr/4.3.2/avr6\libgcc.a
LOAD c:/winavr-20090313/bin/../lib/gcc/avr/4.3.2/../../../../avr/lib/avr6\libc.a
LOAD c:/winavr-20090313/bin/../lib/gcc/avr/4.3.2/avr6\libgcc.a

.hash
 *(.hash)

.dynsym
 *(.dynsym)

.dynstr
 *(.dynstr)

.gnu.version
 *(.gnu.version)

.gnu.version_d
 *(.gnu.version_d)

.gnu.version_r
 *(.gnu.version_r)

.rel.init
 *(.rel.init)

.rela.init
 *(.rela.init)

.rel.text
 *(.rel.text)
 *(.rel.text.*)
 *(.rel.gnu.linkonce.t*)

.rela.text
 *(.rela.text)
 *(.rela.text.*)
 *(.rela.gnu.linkonce.t*)

.rel.fini
 *(.rel.fini)

.rela.fini
 *(.rela.fini)

.rel.rodata
 *(.rel.rodata)
 *(.rel.rodata.*)
 *(.rel.gnu.linkonce.r*)

.rela.rodata
 *(.rela.rodata)
 *(.rela.rodata.*)
 *(.rela.gnu.linkonce.r*)

.rel.data
 *(.rel.data)
 *(.rel.data.*)
 *(.rel.gnu.linkonce.d*)

.rela.data
 *(.rela.data)
 *(.rela.data.*)
 *(.rela.gnu.linkonce.d*)

.rel.ctors
 *(.rel.ctors)

.rela.ctors
 *(.rela.ctors)

.rel.dtors
 *(.rel.dtors)

.rela.dtors
 *(.rela.dtors)

.rel.got
 *(.rel.got)

.rela.got
 *(.rela.got)

.rel.bss
 *(.rel.bss)

.rela.bss
 *(.rela.bss)

.rel.plt
 *(.rel.plt)

.rela.plt
 *(.rela.plt)

.text           0x00000000     0x35b6
 *(.vectors)
 .vectors       0x00000000       0xe4 c:/winavr-20090313/bin/../lib/gcc/avr/4.3.2/../../../../avr/lib/avr6/crtm2560.o
                0x00000000                __vectors
                0x00000000                __vector_default
 *(.vectors)
 *(.progmem.gcc*)
 *(.progmem*)
                0x000000e4                . = ALIGN (0x2)
                0x000000e4                __trampolines_start = .
 *(.trampolines)
 .trampolines   0x000000e4        0x0 linker stubs
 *(.trampolines*)
                0x000000e4                __trampolines_end = .
 *(.jumptables)
 *(.jumptables*)
 *(.lowtext)
 *(.lowtext*)
                0x000000e4                __ctors_start = .
 *(.ctors)
                0x000000e4                __ctors_end = .
                0x000000e4                __dtors_start = .
 *(.dtors)
                0x000000e4                __dtors_end = .
 SORT(*)(.ctors)
 SORT(*)(.dtors)
 *(.init0)
 .init0         0x000000e4        0x0 c:/winavr-20090313/bin/../lib/gcc/avr/4.3.2/../../../../avr/lib/avr6/crtm2560.o
                0x000000e4                __init
 *(.init0)
 *(.init1)
 *(.init1)
 *(.init2)
 .init2         0x000000e4       0x10 c:/winavr-20090313/bin/../lib/gcc/avr/4.3.2/../../../../avr/lib/avr6/crtm2560.o
 *(.init2)
 *(.init3)
 *(.init3)
 *(.init4)
 .init4         0x000000f4       0x1a c:/winavr-20090313/bin/../lib/gcc/avr/4.3.2/../../../../avr/lib/avr6/crtm2560.o
                0x000000f4                __do_copy_data
 .init4         0x0000010e       0x10 c:/winavr-20090313/bin/../lib/gcc/avr/4.3.2/avr6\libgcc.a(_clear_bss.o)
                0x0000010e                __do_clear_bss
 *(.init4)
 *(.init5)
 *(.init5)
 *(.init6)
 *(.init6)
 *(.init7)
 *(.init7)
 *(.init8)
 *(.init8)
 *(.init9)
 .init9         0x0000011e        0x8 c:/winavr-20090313/bin/../lib/gcc/avr/4.3.2/../../../../avr/lib/avr6/crtm2560.o
 *(.init9)
 *(.text)
 .text          0x00000126        0x4 c:/winavr-20090313/bin/../lib/gcc/avr/4.3.2/../../../../avr/lib/avr6/crtm2560.o
                0x00000126                __vector_38
                0x00000126                __vector_22
                0x00000126                __vector_28
                0x00000126                __vector_1
                0x00000126                __vector_32
                0x00000126                __vector_34
                0x00000126                __vector_24
                0x00000126                __vector_12
                0x00000126                __vector_55
                0x00000126                __vector_46
                0x00000126                __bad_interrupt
                0x00000126                __vector_31
                0x00000126                __vector_35
                0x00000126                __vector_39
                0x00000126                __vector_3
                0x00000126                __vector_23
                0x00000126                __vector_30
                0x00000126                __vector_45
                0x00000126                __vector_25
                0x00000126                __vector_11
                0x00000126                __vector_54
                0x00000126                __vector_13
                0x00000126                __vector_17
                0x00000126                __vector_19
                0x00000126                __vector_56
                0x00000126                __vector_7
                0x00000126                __vector_49
                0x00000126                __vector_41
                0x00000126                __vector_43
                0x00000126                __vector_27
                0x00000126                __vector_33
                0x00000126                __vector_47
                0x00000126                __vector_52
                0x00000126                __vector_37
                0x00000126                __vector_4
                0x00000126                __vector_44
                0x00000126                __vector_51
                0x00000126                __vector_9
                0x00000126                __vector_2
                0x00000126                __vector_21
                0x00000126                __vector_15
                0x00000126                __vector_36
                0x00000126                __vector_29
                0x00000126                __vector_40
                0x00000126                __vector_8
                0x00000126                __vector_26
                0x00000126                __vector_48
                0x00000126                __vector_14
                0x00000126                __vector_53
                0x00000126                __vector_10
                0x00000126                __vector_50
                0x00000126                __vector_16
                0x00000126                __vector_18
                0x00000126                __vector_20
                0x00000126                __vector_42
 .text          0x0000012a     0x2656 grid_done_final.o
                0x00001d46                isPlus
                0x0000153c                port_init
                0x00001886                soft_right
                0x0000233e                map
                0x00001b8c                soft_left_2_degrees
                0x00001836                back
                0x00001666                timer5_init
                0x00001512                right_encoder_pin_config
                0x00001bbe                soft_right_2_degrees
                0x00001c16                read_sensor
                0x0000189a                soft_left_2
                0x00001b5a                soft_right_degrees
                0x00001a90                forward_mm
                0x000014a2                motion_pin_config
                0x00001fae                turnRight
                0x000015ba                __vector_6
                0x00001ab6                back_mm
                0x0000184a                right
                0x0000185e                left
                0x00001452                lcd_port_config
                0x00001bf0                init_devices
                0x000011b8                lcd_home
                0x0000155e                left_position_encoder_interrupt_init
                0x000021ce                orient
                0x00000f04                lcd_wr_char
                0x000011cc                lcd_string
                0x00001b28                soft_left_degrees
                0x0000128a                lcd_print
                0x00001adc                left_degrees
                0x00001610                __vector_5
                0x0000180e                forward
                0x00000c50                lcd_wr_command
                0x000017a6                velocity
                0x00001206                lcd_cursor
                0x00001b02                right_degrees
                0x000016f6                ADC_Conversion
                0x00000b28                lcd_init
                0x0000259e                main
                0x0000158c                right_position_encoder_interrupt_init
                0x0000147c                adc_pin_config
                0x00001c84                follow
                0x000016c4                adc_init
                0x000017d0                motion_set
                0x00001872                soft_left
                0x0000012a                lcd_set_4bit
                0x000014e8                left_encoder_pin_config
                0x000018c2                angle_rotate
                0x0000176a                print_sensor
                0x00001822                stop
                0x00001d8e                turnLeft
                0x000019ce                linear_distance_mm
                0x000018ae                soft_right_2
 .text          0x00002780        0x0 c:/winavr-20090313/bin/../lib/gcc/avr/4.3.2/avr6\libgcc.a(_udivmodhi4.o)
 .text          0x00002780        0x0 c:/winavr-20090313/bin/../lib/gcc/avr/4.3.2/avr6\libgcc.a(_exit.o)
 .text          0x00002780        0x0 c:/winavr-20090313/bin/../lib/gcc/avr/4.3.2/avr6\libgcc.a(_clear_bss.o)
 .text          0x00002780       0x58 c:/winavr-20090313/bin/../lib/gcc/avr/4.3.2/avr6\libgcc.a(_fixunssfsi.o)
                0x00002780                __fixunssfsi
 .text          0x000027d8      0x354 c:/winavr-20090313/bin/../lib/gcc/avr/4.3.2/avr6\libgcc.a(_addsub_sf.o)
                0x00002a70                __subsf3
                0x00002ad2                __addsf3
 .text          0x00002b2c      0x1f4 c:/winavr-20090313/bin/../lib/gcc/avr/4.3.2/avr6\libgcc.a(_mul_sf.o)
                0x00002b2c                __mulsf3
 .text          0x00002d20      0x158 c:/winavr-20090313/bin/../lib/gcc/avr/4.3.2/avr6\libgcc.a(_div_sf.o)
                0x00002d20                __divsf3
 .text          0x00002e78       0x60 c:/winavr-20090313/bin/../lib/gcc/avr/4.3.2/avr6\libgcc.a(_gt_sf.o)
                0x00002e78                __gtsf2
 .text          0x00002ed8       0x60 c:/winavr-20090313/bin/../lib/gcc/avr/4.3.2/avr6\libgcc.a(_ge_sf.o)
                0x00002ed8                __gesf2
 .text          0x00002f38       0x60 c:/winavr-20090313/bin/../lib/gcc/avr/4.3.2/avr6\libgcc.a(_lt_sf.o)
                0x00002f38                __ltsf2
 .text          0x00002f98       0xa8 c:/winavr-20090313/bin/../lib/gcc/avr/4.3.2/avr6\libgcc.a(_sf_to_si.o)
                0x00002f98                __fixsfsi
 .text          0x00003040        0x0 c:/winavr-20090313/bin/../lib/gcc/avr/4.3.2/avr6\libgcc.a(_thenan_sf.o)
 .text          0x00003040       0xf2 c:/winavr-20090313/bin/../lib/gcc/avr/4.3.2/avr6\libgcc.a(_usi_to_sf.o)
                0x00003040                __floatunsisf
 .text          0x00003132        0x0 c:/winavr-20090313/bin/../lib/gcc/avr/4.3.2/avr6\libgcc.a(_prologue.o)
 .text          0x00003132        0x0 c:/winavr-20090313/bin/../lib/gcc/avr/4.3.2/avr6\libgcc.a(_epilogue.o)
 .text          0x00003132       0x9e c:/winavr-20090313/bin/../lib/gcc/avr/4.3.2/avr6\libgcc.a(_clzsi2.o)
                0x00003132                __clzsi2
 .text          0x000031d0      0x1aa c:/winavr-20090313/bin/../lib/gcc/avr/4.3.2/avr6\libgcc.a(_pack_sf.o)
                0x000031d0                __pack_f
 .text          0x0000337a       0xf0 c:/winavr-20090313/bin/../lib/gcc/avr/4.3.2/avr6\libgcc.a(_unpack_sf.o)
                0x0000337a                __unpack_f
 .text          0x0000346a       0xb2 c:/winavr-20090313/bin/../lib/gcc/avr/4.3.2/avr6\libgcc.a(_fpcmp_parts_sf.o)
                0x0000346a                __fpcmp_parts_f
 .text          0x0000351c        0x0 c:/winavr-20090313/bin/../lib/gcc/avr/4.3.2/avr6\libgcc.a(_clz.o)
                0x0000351c                . = ALIGN (0x2)
 *(.text.*)
 .text.libgcc   0x0000351c       0x28 c:/winavr-20090313/bin/../lib/gcc/avr/4.3.2/avr6\libgcc.a(_udivmodhi4.o)
                0x0000351c                __udivmodhi4
 .text.libgcc   0x00003544        0x0 c:/winavr-20090313/bin/../lib/gcc/avr/4.3.2/avr6\libgcc.a(_exit.o)
 .text.libgcc   0x00003544        0x0 c:/winavr-20090313/bin/../lib/gcc/avr/4.3.2/avr6\libgcc.a(_clear_bss.o)
 .text.libgcc   0x00003544       0x38 c:/winavr-20090313/bin/../lib/gcc/avr/4.3.2/avr6\libgcc.a(_prologue.o)
                0x00003544                __prologue_saves__
 .text.libgcc   0x0000357c       0x36 c:/winavr-20090313/bin/../lib/gcc/avr/4.3.2/avr6\libgcc.a(_epilogue.o)
                0x0000357c                __epilogue_restores__
                0x000035b2                . = ALIGN (0x2)
 *(.fini9)
 .fini9         0x000035b2        0x0 c:/winavr-20090313/bin/../lib/gcc/avr/4.3.2/avr6\libgcc.a(_exit.o)
                0x000035b2                exit
                0x000035b2                _exit
 *(.fini9)
 *(.fini8)
 *(.fini8)
 *(.fini7)
 *(.fini7)
 *(.fini6)
 *(.fini6)
 *(.fini5)
 *(.fini5)
 *(.fini4)
 *(.fini4)
 *(.fini3)
 *(.fini3)
 *(.fini2)
 *(.fini2)
 *(.fini1)
 *(.fini1)
 *(.fini0)
 .fini0         0x000035b2        0x4 c:/winavr-20090313/bin/../lib/gcc/avr/4.3.2/avr6\libgcc.a(_exit.o)
 *(.fini0)
                0x000035b6                _etext = .

.data           0x00800200      0x16c load address 0x000035b6
                0x00800200                PROVIDE (__data_start, .)
 *(.data)
 .data          0x00800200        0x0 c:/winavr-20090313/bin/../lib/gcc/avr/4.3.2/../../../../avr/lib/avr6/crtm2560.o
 .data          0x00800200       0x64 grid_done_final.o
                0x00800200                path
                0x00800262                dirn
 .data          0x00800264        0x0 c:/winavr-20090313/bin/../lib/gcc/avr/4.3.2/avr6\libgcc.a(_udivmodhi4.o)
 .data          0x00800264        0x0 c:/winavr-20090313/bin/../lib/gcc/avr/4.3.2/avr6\libgcc.a(_exit.o)
 .data          0x00800264        0x0 c:/winavr-20090313/bin/../lib/gcc/avr/4.3.2/avr6\libgcc.a(_clear_bss.o)
 .data          0x00800264        0x0 c:/winavr-20090313/bin/../lib/gcc/avr/4.3.2/avr6\libgcc.a(_fixunssfsi.o)
 .data          0x00800264        0x0 c:/winavr-20090313/bin/../lib/gcc/avr/4.3.2/avr6\libgcc.a(_addsub_sf.o)
 .data          0x00800264        0x0 c:/winavr-20090313/bin/../lib/gcc/avr/4.3.2/avr6\libgcc.a(_mul_sf.o)
 .data          0x00800264        0x0 c:/winavr-20090313/bin/../lib/gcc/avr/4.3.2/avr6\libgcc.a(_div_sf.o)
 .data          0x00800264        0x0 c:/winavr-20090313/bin/../lib/gcc/avr/4.3.2/avr6\libgcc.a(_gt_sf.o)
 .data          0x00800264        0x0 c:/winavr-20090313/bin/../lib/gcc/avr/4.3.2/avr6\libgcc.a(_ge_sf.o)
 .data          0x00800264        0x0 c:/winavr-20090313/bin/../lib/gcc/avr/4.3.2/avr6\libgcc.a(_lt_sf.o)
 .data          0x00800264        0x0 c:/winavr-20090313/bin/../lib/gcc/avr/4.3.2/avr6\libgcc.a(_sf_to_si.o)
 .data          0x00800264        0x8 c:/winavr-20090313/bin/../lib/gcc/avr/4.3.2/avr6\libgcc.a(_thenan_sf.o)
                0x00800264                __thenan_sf
 .data          0x0080026c        0x0 c:/winavr-20090313/bin/../lib/gcc/avr/4.3.2/avr6\libgcc.a(_usi_to_sf.o)
 .data          0x0080026c        0x0 c:/winavr-20090313/bin/../lib/gcc/avr/4.3.2/avr6\libgcc.a(_prologue.o)
 .data          0x0080026c        0x0 c:/winavr-20090313/bin/../lib/gcc/avr/4.3.2/avr6\libgcc.a(_epilogue.o)
 .data          0x0080026c        0x0 c:/winavr-20090313/bin/../lib/gcc/avr/4.3.2/avr6\libgcc.a(_clzsi2.o)
 .data          0x0080026c        0x0 c:/winavr-20090313/bin/../lib/gcc/avr/4.3.2/avr6\libgcc.a(_pack_sf.o)
 .data          0x0080026c        0x0 c:/winavr-20090313/bin/../lib/gcc/avr/4.3.2/avr6\libgcc.a(_unpack_sf.o)
 .data          0x0080026c        0x0 c:/winavr-20090313/bin/../lib/gcc/avr/4.3.2/avr6\libgcc.a(_fpcmp_parts_sf.o)
 .data          0x0080026c      0x100 c:/winavr-20090313/bin/../lib/gcc/avr/4.3.2/avr6\libgcc.a(_clz.o)
                0x0080026c                __clz_tab
 *(.data*)
 *(.rodata)
 *(.rodata*)
 *(.gnu.linkonce.d*)
                0x0080036c                . = ALIGN (0x2)
                0x0080036c                _edata = .
                0x0080036c                PROVIDE (__data_end, .)

.bss            0x0080036c       0x2e
                0x0080036c                PROVIDE (__bss_start, .)
 *(.bss)
 .bss           0x0080036c        0x0 c:/winavr-20090313/bin/../lib/gcc/avr/4.3.2/../../../../avr/lib/avr6/crtm2560.o
 .bss           0x0080036c       0x12 grid_done_final.o
                0x0080037c                turnR
                0x0080036d                Left_white_line
                0x0080036c                flag
                0x00800370                pathindex
                0x0080037a                turnL
                0x00800376                ShaftCountRight
                0x0080036f                Right_white_line
                0x0080036e                Center_white_line
                0x00800372                ShaftCountLeft
 .bss           0x0080037e        0x0 c:/winavr-20090313/bin/../lib/gcc/avr/4.3.2/avr6\libgcc.a(_udivmodhi4.o)
 .bss           0x0080037e        0x0 c:/winavr-20090313/bin/../lib/gcc/avr/4.3.2/avr6\libgcc.a(_exit.o)
 .bss           0x0080037e        0x0 c:/winavr-20090313/bin/../lib/gcc/avr/4.3.2/avr6\libgcc.a(_clear_bss.o)
 .bss           0x0080037e        0x0 c:/winavr-20090313/bin/../lib/gcc/avr/4.3.2/avr6\libgcc.a(_fixunssfsi.o)
 .bss           0x0080037e        0x0 c:/winavr-20090313/bin/../lib/gcc/avr/4.3.2/avr6\libgcc.a(_addsub_sf.o)
 .bss           0x0080037e        0x0 c:/winavr-20090313/bin/../lib/gcc/avr/4.3.2/avr6\libgcc.a(_mul_sf.o)
 .bss           0x0080037e        0x0 c:/winavr-20090313/bin/../lib/gcc/avr/4.3.2/avr6\libgcc.a(_div_sf.o)
 .bss           0x0080037e        0x0 c:/winavr-20090313/bin/../lib/gcc/avr/4.3.2/avr6\libgcc.a(_gt_sf.o)
 .bss           0x0080037e        0x0 c:/winavr-20090313/bin/../lib/gcc/avr/4.3.2/avr6\libgcc.a(_ge_sf.o)
 .bss           0x0080037e        0x0 c:/winavr-20090313/bin/../lib/gcc/avr/4.3.2/avr6\libgcc.a(_lt_sf.o)
 .bss           0x0080037e        0x0 c:/winavr-20090313/bin/../lib/gcc/avr/4.3.2/avr6\libgcc.a(_sf_to_si.o)
 .bss           0x0080037e        0x0 c:/winavr-20090313/bin/../lib/gcc/avr/4.3.2/avr6\libgcc.a(_thenan_sf.o)
 .bss           0x0080037e        0x0 c:/winavr-20090313/bin/../lib/gcc/avr/4.3.2/avr6\libgcc.a(_usi_to_sf.o)
 .bss           0x0080037e        0x0 c:/winavr-20090313/bin/../lib/gcc/avr/4.3.2/avr6\libgcc.a(_prologue.o)
 .bss           0x0080037e        0x0 c:/winavr-20090313/bin/../lib/gcc/avr/4.3.2/avr6\libgcc.a(_epilogue.o)
 .bss           0x0080037e        0x0 c:/winavr-20090313/bin/../lib/gcc/avr/4.3.2/avr6\libgcc.a(_clzsi2.o)
 .bss           0x0080037e        0x0 c:/winavr-20090313/bin/../lib/gcc/avr/4.3.2/avr6\libgcc.a(_pack_sf.o)
 .bss           0x0080037e        0x0 c:/winavr-20090313/bin/../lib/gcc/avr/4.3.2/avr6\libgcc.a(_unpack_sf.o)
 .bss           0x0080037e        0x0 c:/winavr-20090313/bin/../lib/gcc/avr/4.3.2/avr6\libgcc.a(_fpcmp_parts_sf.o)
 .bss           0x0080037e        0x0 c:/winavr-20090313/bin/../lib/gcc/avr/4.3.2/avr6\libgcc.a(_clz.o)
 *(.bss*)
 *(COMMON)
 COMMON         0x0080037e       0x1c grid_done_final.o
                0x0080037e                Digit
                0x00800386                Degrees
                0x00800388                million
                0x0080038a                temp
                0x0080038c                ADC_Value
                0x0080038d                i
                0x0080038f                tens
                0x00800391                hundred
                0x00800393                sensor
                0x00800396                unit
                0x00800398                thousand
                0x0080039a                PROVIDE (__bss_end, .)
                0x000035b6                __data_load_start = LOADADDR (.data)
                0x00003722                __data_load_end = (__data_load_start + SIZEOF (.data))

.noinit         0x0080039a        0x0
                0x0080039a                PROVIDE (__noinit_start, .)
 *(.noinit*)
                0x0080039a                PROVIDE (__noinit_end, .)
                0x0080039a                _end = .
                0x0080039a                PROVIDE (__heap_start, .)

.eeprom         0x00810000        0x0
 *(.eeprom*)
                0x00810000                __eeprom_end = .

.fuse
 *(.fuse)
 *(.lfuse)
 *(.hfuse)
 *(.efuse)

.lock
 *(.lock*)

.signature
 *(.signature*)

.stab
 *(.stab)

.stabstr
 *(.stabstr)

.stab.excl
 *(.stab.excl)

.stab.exclstr
 *(.stab.exclstr)

.stab.index
 *(.stab.index)

.stab.indexstr
 *(.stab.indexstr)

.comment
 *(.comment)

.debug
 *(.debug)

.line
 *(.line)

.debug_srcinfo
 *(.debug_srcinfo)

.debug_sfnames
 *(.debug_sfnames)

.debug_aranges  0x00000000       0x20
 *(.debug_aranges)
 .debug_aranges
                0x00000000       0x20 grid_done_final.o

.debug_pubnames
                0x00000000      0x497
 *(.debug_pubnames)
 .debug_pubnames
                0x00000000      0x497 grid_done_final.o

.debug_info     0x00000000      0xe4e
 *(.debug_info)
 .debug_info    0x00000000      0xe4e grid_done_final.o
 *(.gnu.linkonce.wi.*)

.debug_abbrev   0x00000000      0x269
 *(.debug_abbrev)
 .debug_abbrev  0x00000000      0x269 grid_done_final.o

.debug_line     0x00000000     0x1565
 *(.debug_line)
 .debug_line    0x00000000     0x1565 grid_done_final.o

.debug_frame    0x00000000      0x350
 *(.debug_frame)
 .debug_frame   0x00000000      0x350 grid_done_final.o

.debug_str      0x00000000      0x489
 *(.debug_str)
 .debug_str     0x00000000      0x489 grid_done_final.o
                                0x4ef (size before relaxing)

.debug_loc
 *(.debug_loc)

.debug_macinfo
 *(.debug_macinfo)
OUTPUT(grid_done_final.elf elf32-avr)
LOAD linker stubs
